 Jest Snapshot v1, https://goo.gl/fbAQLP

exports[`<DiaryTabView /> render <Diary /> without data 1`] = `
<div>
  <Diary
    loadItems={[Function]}
    updateTime={[Function]}
  />
</div>
`;